[2026-09-03 11:34:23] ==================================================
[2026-09-03 11:34:23] STARTING 24-HOUR SYNC CYCLE
[2026-09-03 11:34:23] ==================================================
[2026-09-03 11:34:23] --- Checking Track 1 (Git Repository) ---
[2026-09-03 11:34:24] Git repository is up to date.
[2026-09-03 11:34:24] Current Track 1 HEAD: fde04f7c1aff7c2a2d3e0c1ad305c30fa7b9cdb4
[2026-09-03 11:34:24] --- Checking Track 2 (Package API & Releases) ---
[2026-09-03 11:34:25] Retrieved 42 total package records from API.
[2026-09-03 11:34:30] Status: 73 files already verified locally. 0 new/missing files to download.
[2026-09-03 11:34:31] Sync complete. New: 0, Verified: 73, Failed: 0
[2026-09-03 11:34:31] SYNC CYCLE FINISHED SUCCESSFULLY.
[2026-09-03 11:36:55] ============================================================
[2026-09-03 11:36:55] STARTING 24-HOUR DIFFERENTIAL CHANGE-DETECTION SYNC
[2026-09-03 11:36:55] ============================================================
[2026-09-03 11:36:55] FATAL ERROR during sync cycle: 'charmap' codec can't encode character '\u25b6' in position 22: character maps to <undefined>
[2026-09-03 11:37:14] ============================================================
[2026-09-03 11:37:14] STARTING 24-HOUR DIFFERENTIAL CHANGE-DETECTION SYNC
[2026-09-03 11:37:14] ============================================================
[2026-09-03 11:37:14] [Track 1] Checking Git Commits & Repository Source...
[2026-09-03 11:37:14] [Track 1] Up to date (HEAD: fde04f7c1aff7c2a2d3e0c1ad305c30fa7b9cdb4)
[2026-09-03 11:37:14] [Track 2] Checking Codeberg Package API & Debian Releases...
[2026-09-03 11:37:21] [Track 2] All 73 files are unchanged. 0 bytes downloaded.
[2026-09-03 11:37:21] Sync finished. New/Changed files downloaded: 0, Unchanged skipped: 73
[2026-09-03 11:37:21] ============================================================
[2026-09-03 11:38:29] ============================================================
[2026-09-03 11:38:29] STARTING 24-HOUR DIFFERENTIAL CHANGE-DETECTION SYNC
[2026-09-03 11:38:29] ============================================================
[2026-09-03 11:38:29] [Track 1] Checking Git Commits & Repository Source...
[2026-09-03 11:38:30] [Track 1] Up to date (HEAD: fde04f7c1aff7c2a2d3e0c1ad305c30fa7b9cdb4)
[2026-09-03 11:38:30] [Track 2] Checking Codeberg Package API & Debian Releases...
[2026-09-03 11:38:36] [Track 2] All 73 files are unchanged. 0 bytes downloaded.
[2026-09-03 11:38:37] Sync finished. New/Changed files downloaded: 0, Unchanged skipped: 73
[2026-09-03 11:38:37] ============================================================
[2026-09-03 11:38:58] ============================================================
[2026-09-03 11:38:58] STARTING 24-HOUR DIFFERENTIAL CHANGE-DETECTION SYNC
[2026-09-03 11:38:58] ============================================================
[2026-09-03 11:38:58] [Track 1] Checking Git Commits & Repository Source...
[2026-09-03 11:38:59] [Track 1] Up to date (HEAD: fde04f7c1aff7c2a2d3e0c1ad305c30fa7b9cdb4)
[2026-09-03 11:38:59] [Track 2] Checking Codeberg Package API & Debian Releases...
[2026-09-03 11:39:05] [Track 2] New file detected: debian/pool/resolute/main/pnetlab-docker_6.8.72resolute1_amd64.deb
[2026-09-03 11:39:05] [Track 2] File size change detected: generic/6.8.72resolute1/pnetlab-6.8.72resolute1-manifest.json
[2026-09-03 11:39:05] [Track 2] Downloading 2 changed/new files...
[2026-09-03 11:39:06] [Track 2] DOWNLOADED & VERIFIED: pnetlab-docker_6.8.72resolute1_amd64.deb (3,618 bytes | SHA256: ed4a801ef5d20112...)
[2026-09-03 11:39:06] [Track 2] DOWNLOADED & VERIFIED: pnetlab-6.8.72resolute1-manifest.json (1,274 bytes | SHA256: 61416468e8dba97f...)
[2026-09-03 11:39:07] Sync finished. New/Changed files downloaded: 2, Unchanged skipped: 71
[2026-09-03 11:39:07] ============================================================
[2026-09-03 11:40:58] ============================================================
[2026-09-03 11:40:58] STARTING 24-HOUR DIFFERENTIAL CHANGE-DETECTION SYNC
[2026-09-03 11:40:58] ============================================================
[2026-09-03 11:40:58] [Track 1] Checking Git Commits & Repository Source...
[2026-09-03 11:40:59] [Track 1] Up to date (HEAD: fde04f7c1aff7c2a2d3e0c1ad305c30fa7b9cdb4)
[2026-09-03 11:40:59] [Track 2] Checking Codeberg Package API & Debian Releases...
[2026-09-03 11:41:05] [Track 2] All 73 files are unchanged. 0 bytes downloaded.
[2026-09-03 11:41:06] Sync finished. New/Changed files downloaded: 0, Unchanged skipped: 73
[2026-09-03 11:41:06] ============================================================
[2026-09-03 11:41:06] ============================================================
[2026-09-03 11:41:06] STARTING 24-HOUR DIFFERENTIAL CHANGE-DETECTION SYNC
[2026-09-03 11:41:06] ============================================================
[2026-09-03 11:41:06] [Track 1] Checking Git Commits & Repository Source...
[2026-09-03 11:41:07] [Track 1] Up to date (HEAD: fde04f7c1aff7c2a2d3e0c1ad305c30fa7b9cdb4)
[2026-09-03 11:41:07] [Track 2] Checking Codeberg Package API & Debian Releases...
[2026-09-03 11:41:13] [Track 2] File size change detected: generic/6.8.72resolute1/pnetlab-6.8.72resolute1-manifest.json
[2026-09-03 11:41:13] [Track 2] Downloading 1 changed/new files...
[2026-09-03 11:41:14] [Track 2] DOWNLOADED & VERIFIED: pnetlab-6.8.72resolute1-manifest.json (1,274 bytes | SHA256: 61416468e8dba97f...)
[2026-09-03 11:41:14] Sync finished. New/Changed files downloaded: 1, Unchanged skipped: 72
[2026-09-03 11:41:14] ============================================================
[2026-09-03 11:44:23] ============================================================
[2026-09-03 11:44:23] STARTING 24-HOUR DIFFERENTIAL CHANGE-DETECTION SYNC
[2026-09-03 11:44:23] ============================================================
[2026-09-03 11:44:23] [Track 1] Checking Git Commits & Repository Source...
[2026-09-03 11:44:24] [Track 1] Up to date (HEAD: fde04f7c1aff7c2a2d3e0c1ad305c30fa7b9cdb4)
[2026-09-03 11:44:24] [Track 2] Checking Codeberg Package API & Debian Releases...
[2026-09-03 11:44:30] [Track 2] All 73 files are unchanged. 0 bytes downloaded.
[2026-09-03 11:44:30] Sync finished. New/Changed files downloaded: 0, Unchanged skipped: 73
[2026-09-03 11:44:30] ============================================================
[2026-09-03 11:44:30] ============================================================
[2026-09-03 11:44:30] STARTING 24-HOUR DIFFERENTIAL CHANGE-DETECTION SYNC
[2026-09-03 11:44:30] ============================================================
[2026-09-03 11:44:30] [Track 1] Checking Git Commits & Repository Source...
[2026-09-03 11:44:31] [Track 1] Up to date (HEAD: fde04f7c1aff7c2a2d3e0c1ad305c30fa7b9cdb4)
[2026-09-03 11:44:31] [Track 2] Checking Codeberg Package API & Debian Releases...
[2026-09-03 11:44:37] [Track 2] File size change detected: generic/6.8.72resolute1/pnetlab-6.8.72resolute1-manifest.json
[2026-09-03 11:44:37] [Track 2] Downloading 1 changed/new files...
[2026-09-03 11:44:38] [Track 2] DOWNLOADED & VERIFIED: pnetlab-6.8.72resolute1-manifest.json (1,274 bytes | SHA256: 61416468e8dba97f...)
[2026-09-03 11:44:39] Sync finished. New/Changed files downloaded: 1, Unchanged skipped: 72
[2026-09-03 11:44:39] ============================================================
[2026-09-03 06:23:21] ============================================================
[2026-09-03 06:23:21] STARTING 24-HOUR DIFFERENTIAL CHANGE-DETECTION SYNC
[2026-09-03 06:23:21] ============================================================
[2026-09-03 06:23:21] [Track 1] Checking Git Commits & Repository Source...
[2026-09-03 06:23:21] [Track 1] Initializing repository at /home/runner/work/AZAM-BASHA/AZAM-BASHA/EMULATOR/0-P-UNTOUCHED/track-1-git...
[2026-09-03 06:23:22] [Track 1] Cloned at HEAD: fde04f7c1aff7c2a2d3e0c1ad305c30fa7b9cdb4
[2026-09-03 06:23:22] [Track 2] Checking Codeberg Package API & Debian Releases...
[2026-09-03 06:23:27] [Track 2] All 73 files are unchanged. 0 bytes downloaded.
[2026-09-03 06:23:28] Sync finished. New/Changed files downloaded: 0, Unchanged skipped: 73
[2026-09-03 06:23:28] ============================================================
[2026-09-03 10:39:20] ============================================================
[2026-09-03 10:39:20] STARTING 24-HOUR DIFFERENTIAL CHANGE-DETECTION SYNC
[2026-09-03 10:39:20] ============================================================
[2026-09-03 10:39:20] [Track 1] Checking Git Commits & Repository Source...
[2026-09-03 10:39:20] [Track 1] Initializing repository at /home/runner/work/AZAM-BASHA/AZAM-BASHA/EMULATOR/0-P-UNTOUCHED/track-1-git...
[2026-09-03 10:39:53] FATAL ERROR during sync cycle: Command '['git', 'clone', 'https://codeberg.org/netkillui/Pnetlabv8.git', '/home/runner/work/AZAM-BASHA/AZAM-BASHA/EMULATOR/0-P-UNTOUCHED/track-1-git']' returned non-zero exit status 128.
[2026-09-03 16:05:11] ============================================================
[2026-09-03 16:05:11] STARTING 24-HOUR DIFFERENTIAL CHANGE-DETECTION SYNC
[2026-09-03 16:05:11] ============================================================
[2026-09-03 16:05:11] [GitHub Sync] Checking for GitHub updates on parent repository (e:\Git)...
[2026-09-03 16:05:11] [GitHub Sync] Notice: error: cannot pull with rebase: You have unstaged changes.
error: Please commit or stash them.
[2026-09-03 16:05:11] [Track 1] Checking Git Commits & Repository Source...
[2026-09-03 16:05:11] [Track 1] Initializing repository at e:\Git\EMULATOR\0-P-UNTOUCHED\track-1-git...
[2026-09-03 16:05:14] [Track 1] Cloned at HEAD: fde04f7c1aff7c2a2d3e0c1ad305c30fa7b9cdb4
[2026-09-03 16:05:14] [Track 2] Checking Codeberg Package API & Debian Releases...
[2026-09-03 16:05:44] [Track 2] All 73 files are unchanged. 0 bytes downloaded.
[2026-09-03 16:05:45] Sync finished. New/Changed files downloaded: 0, Unchanged skipped: 73
[2026-09-03 16:05:45] ============================================================
[2026-09-04 02:14:46] ============================================================
[2026-09-04 02:14:46] STARTING 24-HOUR DIFFERENTIAL CHANGE-DETECTION SYNC
[2026-09-04 02:14:46] ============================================================
[2026-09-04 02:14:46] [Track 1] Checking Git Commits & Repository Source...
[2026-09-04 02:14:46] [Track 1] Initializing repository at /home/runner/work/AZAM-BASHA/AZAM-BASHA/EMULATOR/0-P-UNTOUCHED/track-1-git...
[2026-09-04 02:14:47] [Track 1] Cloned at HEAD: fde04f7c1aff7c2a2d3e0c1ad305c30fa7b9cdb4
[2026-09-04 02:14:47] [Track 2] Checking Codeberg Package API & Debian Releases...
[2026-09-04 02:14:51] [Track 2] All 73 files are unchanged. 0 bytes downloaded.
[2026-09-04 02:14:52] Sync finished. New/Changed files downloaded: 0, Unchanged skipped: 73
[2026-09-04 02:14:52] ============================================================
[2026-09-05 07:11:11] ============================================================
[2026-09-05 07:11:11] STARTING 24-HOUR DIFFERENTIAL CHANGE-DETECTION SYNC
[2026-09-05 07:11:11] ============================================================
[2026-09-05 07:11:11] [GitHub Sync] Checking for GitHub updates on parent repository (e:\Git)...
[2026-09-05 07:11:11] [GitHub Sync] Notice: error: cannot pull with rebase: You have unstaged changes.
error: Please commit or stash them.
[2026-09-05 07:11:11] [Track 1] Checking Git Commits & Repository Source...
[2026-09-05 07:11:12] [Track 1] Remote updates detected! Pulling latest commits...
[2026-09-05 07:11:13] [Track 1] Updated: Updated from fde04f7c to c0490891. Changed files:
M	README.md
[2026-09-05 07:11:13] [Track 2] Checking Codeberg Package API & Debian Releases...
[2026-09-05 07:11:20] [Track 2] New file detected: debian/pool/resolute/main/pnetlab_6.8.74resolute1_amd64.deb
[2026-09-05 07:11:20] [Track 2] New file detected: debian/pool/resolute/main/pnetlab-docker_6.8.74resolute1_amd64.deb
[2026-09-05 07:11:20] [Track 2] New file detected: debian/pool/resolute/main/pnetlab-guacd_6.8.74resolute1_amd64.deb
[2026-09-05 07:11:20] [Track 2] New file detected: debian/pool/resolute/main/pnetlab-qemu_6.8.74resolute1_amd64.deb
[2026-09-05 07:11:20] [Track 2] New file detected: debian/pool/resolute/main/pnetlab-satellite_6.8.74resolute1_amd64.deb
[2026-09-05 07:11:20] [Track 2] New file detected: debian/pool/resolute/main/pnetlab-schema_6.8.74resolute1_amd64.deb
[2026-09-05 07:11:20] [Track 2] New file detected: debian/pool/resolute/main/pnetlab-vpcs_6.8.74resolute1_amd64.deb
[2026-09-05 07:11:20] [Track 2] New file detected: debian/pool/resolute/main/pnetlab-bridge-dkms_6.8.74resolute1_all.deb
[2026-09-05 07:11:20] [Track 2] New file detected: generic/6.8.74resolute1/pnetlab-core-assets-6.8.74resolute1.tar.zst
[2026-09-05 07:11:20] [Track 2] New file detected: generic/6.8.74resolute1/pnetlab-core-assets-6.8.74resolute1.tar.zst.sha256
[2026-09-05 07:11:20] [Track 2] New file detected: generic/6.8.74resolute1/pnetlab-core-assets-6.8.74resolute1.tar.zst.sig
[2026-09-05 07:11:20] [Track 2] New file detected: generic/6.8.74resolute1/pnetlab-6.8.74resolute1-manifest.json
[2026-09-05 07:11:20] [Track 2] New file detected: generic/6.8.74resolute1/pnetlab-6.8.74resolute1-manifest.json.sha256
[2026-09-05 07:11:20] [Track 2] New file detected: generic/6.8.74resolute1/pnetlab-6.8.74resolute1-manifest.json.sig
[2026-09-05 07:11:20] [Track 2] New file detected: generic/6.8.74resolute1/pnetlab-network-install-6.8.74resolute1.sh
[2026-09-05 07:11:20] [Track 2] New file detected: generic/6.8.74resolute1/pnetlab-network-install-6.8.74resolute1.sh.sha256
[2026-09-05 07:11:20] [Track 2] New file detected: generic/6.8.74resolute1/pnetlab-install-resolute-satellite-6.8.74resolute1.sh
[2026-09-05 07:11:20] [Track 2] New file detected: generic/6.8.74resolute1/pnetlab-install-resolute-satellite-6.8.74resolute1.sh.sha256
[2026-09-05 07:11:21] [Track 2] Checksum change detected: generic/0.channel/pnetlab-latest.json
[2026-09-05 07:11:21] [Track 2] Checksum change detected: generic/0.channel/pnetlab-latest.json.sha256
[2026-09-05 07:11:21] [Track 2] Checksum change detected: generic/0.channel/pnetlab-latest.json.sig
[2026-09-05 07:11:21] [Track 2] File size change detected: generic/0.channel/pnetlab-network-install-latest.sh
[2026-09-05 07:11:21] [Track 2] Checksum change detected: generic/0.channel/pnetlab-network-install-latest.sh.sha256
[2026-09-05 07:11:21] [Track 2] Downloading 23 changed/new files...
[2026-09-05 07:11:27] [Track 2] DOWNLOADED & VERIFIED: pnetlab_6.8.74resolute1_amd64.deb (87,895,538 bytes | SHA256: 3219bf161f0863d4...)
[2026-09-05 07:11:27] [Track 2] DOWNLOADED & VERIFIED: pnetlab-docker_6.8.74resolute1_amd64.deb (3,610 bytes | SHA256: ac6c7312952ff883...)
[2026-09-05 07:11:28] [Track 2] DOWNLOADED & VERIFIED: pnetlab-guacd_6.8.74resolute1_amd64.deb (462,556 bytes | SHA256: f5ee0c29a4be5bf1...)
[2026-09-05 07:11:30] [Track 2] DOWNLOADED & VERIFIED: pnetlab-qemu_6.8.74resolute1_amd64.deb (1,275,140 bytes | SHA256: 0bd483fefa0373b2...)
[2026-09-05 07:11:36] [Track 2] DOWNLOADED & VERIFIED: pnetlab-satellite_6.8.74resolute1_amd64.deb (82,342,146 bytes | SHA256: 7d8172c2283ee486...)
[2026-09-05 07:11:37] [Track 2] DOWNLOADED & VERIFIED: pnetlab-schema_6.8.74resolute1_amd64.deb (8,724 bytes | SHA256: a8415e59a9611e28...)
[2026-09-05 07:11:37] [Track 2] DOWNLOADED & VERIFIED: pnetlab-vpcs_6.8.74resolute1_amd64.deb (86,668 bytes | SHA256: 8da8340e48dfc914...)
[2026-09-05 07:11:38] [Track 2] DOWNLOADED & VERIFIED: pnetlab-bridge-dkms_6.8.74resolute1_all.deb (142,376 bytes | SHA256: f936b6898d1de6ac...)
[2026-09-05 07:11:44] [Track 2] DOWNLOADED & VERIFIED: pnetlab-core-assets-6.8.74resolute1.tar.zst (75,116,436 bytes | SHA256: b36bc01d72c33e69...)
[2026-09-05 07:11:44] [Track 2] DOWNLOADED & VERIFIED: pnetlab-core-assets-6.8.74resolute1.tar.zst.sha256 (110 bytes | SHA256: d1960575d778c4e7...)
[2026-09-05 07:11:45] [Track 2] DOWNLOADED & VERIFIED: pnetlab-core-assets-6.8.74resolute1.tar.zst.sig (566 bytes | SHA256: 6c700f18389d219e...)
[2026-09-05 07:11:45] [Track 2] DOWNLOADED & VERIFIED: pnetlab-6.8.74resolute1-manifest.json (1,274 bytes | SHA256: 728681301b6b4d2f...)
[2026-09-05 07:11:46] [Track 2] DOWNLOADED & VERIFIED: pnetlab-6.8.74resolute1-manifest.json.sha256 (104 bytes | SHA256: 349e355dc754c639...)
[2026-09-05 07:11:46] [Track 2] DOWNLOADED & VERIFIED: pnetlab-6.8.74resolute1-manifest.json.sig (566 bytes | SHA256: f6c6d8454b0c58bd...)
[2026-09-05 07:11:47] [Track 2] DOWNLOADED & VERIFIED: pnetlab-network-install-6.8.74resolute1.sh (169,191 bytes | SHA256: ab62e15c49682079...)
[2026-09-05 07:11:48] [Track 2] DOWNLOADED & VERIFIED: pnetlab-network-install-6.8.74resolute1.sh.sha256 (109 bytes | SHA256: 0baf72a90f34be7b...)
[2026-09-05 07:11:48] [Track 2] DOWNLOADED & VERIFIED: pnetlab-install-resolute-satellite-6.8.74resolute1.sh (15,185 bytes | SHA256: 6e6469593a7a4251...)
[2026-09-05 07:11:49] [Track 2] DOWNLOADED & VERIFIED: pnetlab-install-resolute-satellite-6.8.74resolute1.sh.sha256 (120 bytes | SHA256: 01fef7d4059cc59f...)
[2026-09-05 07:11:49] [Track 2] DOWNLOADED & VERIFIED: pnetlab-latest.json (205 bytes | SHA256: d89125b59e77413c...)
[2026-09-05 07:11:50] [Track 2] DOWNLOADED & VERIFIED: pnetlab-latest.json.sha256 (86 bytes | SHA256: e5901784db1009e3...)
[2026-09-05 07:11:50] [Track 2] DOWNLOADED & VERIFIED: pnetlab-latest.json.sig (566 bytes | SHA256: 052024a10b622078...)
[2026-09-05 07:11:51] [Track 2] DOWNLOADED & VERIFIED: pnetlab-network-install-latest.sh (169,191 bytes | SHA256: ab62e15c49682079...)
[2026-09-05 07:11:52] [Track 2] DOWNLOADED & VERIFIED: pnetlab-network-install-latest.sh.sha256 (100 bytes | SHA256: b3fee9b9f52841ad...)
[2026-09-05 07:11:53] Sync finished. New/Changed files downloaded: 23, Unchanged skipped: 68
[2026-09-05 07:11:53] ============================================================
[2026-09-05 02:15:29] ============================================================
[2026-09-05 02:15:29] STARTING 24-HOUR DIFFERENTIAL CHANGE-DETECTION SYNC
[2026-09-05 02:15:29] ============================================================
[2026-09-05 02:15:29] [Track 1] Checking Git Commits & Repository Source...
[2026-09-05 02:15:29] [Track 1] Initializing repository at /home/runner/work/Azam-Sir/Azam-Sir/EMULATOR/0-P-UNTOUCHED/track-1-git...
[2026-09-05 02:15:30] [Track 1] Cloned at HEAD: f4f83b5266047f37b319ffe03d57bc04b0fd7d58
[2026-09-05 02:15:30] [Track 2] Checking Codeberg Package API & Debian Releases...
[2026-09-05 02:15:36] [Track 2] All 91 files are unchanged. 0 bytes downloaded.
[2026-09-05 02:15:37] Sync finished. New/Changed files downloaded: 0, Unchanged skipped: 91
[2026-09-05 02:15:37] ============================================================
[2026-09-06 02:10:59] ============================================================
[2026-09-06 02:10:59] STARTING 24-HOUR DIFFERENTIAL CHANGE-DETECTION SYNC
[2026-09-06 02:10:59] ============================================================
[2026-09-06 02:10:59] [Track 1] Checking Git Commits & Repository Source...
[2026-09-06 02:10:59] [Track 1] Initializing repository at /home/runner/work/Azam-Sir/Azam-Sir/EMULATOR/0-P-UNTOUCHED/track-1-git...
[2026-09-06 02:11:02] [Track 1] Cloned at HEAD: adef61101bb7c228f56512be429925636f63292b
[2026-09-06 02:11:02] [Track 2] Checking Codeberg Package API & Debian Releases...
[2026-09-06 02:11:09] [Track 2] All 91 files are unchanged. 0 bytes downloaded.
[2026-09-06 02:11:10] Sync finished. New/Changed files downloaded: 0, Unchanged skipped: 91
[2026-09-06 02:11:10] ============================================================
<<<<<<< HEAD
[2026-09-07 11:10:17] ============================================================
[2026-09-07 11:10:17] STARTING 24-HOUR DIFFERENTIAL CHANGE-DETECTION SYNC
[2026-09-07 11:10:17] ============================================================
[2026-09-07 11:10:17] [GitHub Sync] Checking for GitHub updates on parent repository (e:\Git)...
[2026-09-07 11:10:17] [GitHub Sync] Notice: error: cannot pull with rebase: You have unstaged changes.
error: Please commit or stash them.
[2026-09-07 11:10:17] [Track 1] Checking Git Commits & Repository Source...
[2026-09-07 11:10:18] [Track 1] Up to date (HEAD: adef61101bb7c228f56512be429925636f63292b)
[2026-09-07 11:10:18] [Track 2] Checking Codeberg Package API & Debian Releases...
[2026-09-07 11:10:27] [Track 2] All 91 files are unchanged. 0 bytes downloaded.
[2026-09-07 11:10:28] Sync finished. New/Changed files downloaded: 0, Unchanged skipped: 91
[2026-09-07 11:10:28] ============================================================
=======
[2026-09-07 02:08:04] ============================================================
[2026-09-07 02:08:04] STARTING 24-HOUR DIFFERENTIAL CHANGE-DETECTION SYNC
[2026-09-07 02:08:04] ============================================================
[2026-09-07 02:08:04] [Track 1] Checking Git Commits & Repository Source...
[2026-09-07 02:08:04] [Track 1] Initializing repository at /home/runner/work/MyRepo/MyRepo/EMULATOR/0-P-UNTOUCHED/track-1-git...
[2026-09-07 02:08:05] [Track 1] Cloned at HEAD: adef61101bb7c228f56512be429925636f63292b
[2026-09-07 02:08:05] [Track 2] Checking Codeberg Package API & Debian Releases...
[2026-09-07 02:08:12] [Track 2] All 91 files are unchanged. 0 bytes downloaded.
[2026-09-07 02:08:13] Sync finished. New/Changed files downloaded: 0, Unchanged skipped: 91
[2026-09-07 02:08:13] ============================================================
>>>>>>> 5af0449e42fd861c688e76d0b44a18bd9cb03255
<<<<<<< HEAD
[2026-09-08 11:44:43] ============================================================
[2026-09-08 11:44:43] STARTING 24-HOUR DIFFERENTIAL CHANGE-DETECTION SYNC
[2026-09-08 11:44:43] ============================================================
[2026-09-08 11:44:43] [GitHub Sync] Checking for GitHub updates on parent repository (e:\Git)...
[2026-09-08 11:44:44] [GitHub Sync] Notice: error: cannot pull with rebase: You have unstaged changes.
error: Please commit or stash them.
[2026-09-08 11:44:44] [Track 1] Checking Git Commits & Repository Source...
[2026-09-08 11:44:45] [Track 1] Up to date (HEAD: adef61101bb7c228f56512be429925636f63292b)
[2026-09-08 11:44:45] [Track 2] Checking Codeberg Package API & Debian Releases...
[2026-09-08 11:44:54] [Track 2] All 91 files are unchanged. 0 bytes downloaded.
[2026-09-08 11:44:55] Sync finished. New/Changed files downloaded: 0, Unchanged skipped: 91
[2026-09-08 11:44:55] ============================================================
=======
[2026-09-08 02:20:04] ============================================================
[2026-09-08 02:20:04] STARTING 24-HOUR DIFFERENTIAL CHANGE-DETECTION SYNC
[2026-09-08 02:20:04] ============================================================
[2026-09-08 02:20:04] [Track 1] Checking Git Commits & Repository Source...
[2026-09-08 02:20:04] [Track 1] Initializing repository at /home/runner/work/MyRepo/MyRepo/EMULATOR/0-P-UNTOUCHED/track-1-git...
[2026-09-08 02:20:05] [Track 1] Cloned at HEAD: adef61101bb7c228f56512be429925636f63292b
[2026-09-08 02:20:05] [Track 2] Checking Codeberg Package API & Debian Releases...
[2026-09-08 02:20:10] [Track 2] All 91 files are unchanged. 0 bytes downloaded.
[2026-09-08 02:20:11] Sync finished. New/Changed files downloaded: 0, Unchanged skipped: 91
[2026-09-08 02:20:11] ============================================================
>>>>>>> 6592e88ff51c7d15a87b39e12b82dfccb5a5e032
<<<<<<< HEAD
[2026-09-10 06:06:52] ============================================================
[2026-09-10 06:06:52] STARTING 24-HOUR DIFFERENTIAL CHANGE-DETECTION SYNC
[2026-09-10 06:06:52] ============================================================
[2026-09-10 06:06:52] [GitHub Sync] Checking for GitHub updates on parent repository (e:\Git)...
[2026-09-10 06:06:52] [GitHub Sync] Notice: error: cannot pull with rebase: You have unstaged changes.
error: Please commit or stash them.
[2026-09-10 06:06:52] [Track 1] Checking Git Commits & Repository Source...
[2026-09-10 06:06:54] [Track 1] Remote updates detected! Pulling latest commits...
[2026-09-10 06:06:55] [Track 1] Updated: Updated from adef6110 to 9b3943f0. Changed files:
M	README.md
[2026-09-10 06:06:55] [Track 2] Checking Codeberg Package API & Debian Releases...
[2026-09-10 06:07:04] [Track 2] New file detected: debian/pool/resolute/main/pnetlab_6.8.75resolute1_amd64.deb
[2026-09-10 06:07:04] [Track 2] New file detected: debian/pool/resolute/main/pnetlab_6.8.76resolute1_amd64.deb
[2026-09-10 06:07:04] [Track 2] New file detected: debian/pool/resolute/main/pnetlab_6.8.77resolute1_amd64.deb
[2026-09-10 06:07:04] [Track 2] New file detected: debian/pool/resolute/main/pnetlab-docker_6.8.75resolute1_amd64.deb
[2026-09-10 06:07:04] [Track 2] New file detected: debian/pool/resolute/main/pnetlab-docker_6.8.76resolute1_amd64.deb
[2026-09-10 06:07:04] [Track 2] New file detected: debian/pool/resolute/main/pnetlab-docker_6.8.77resolute1_amd64.deb
[2026-09-10 06:07:04] [Track 2] New file detected: debian/pool/resolute/main/pnetlab-guacd_6.8.75resolute1_amd64.deb
[2026-09-10 06:07:04] [Track 2] New file detected: debian/pool/resolute/main/pnetlab-guacd_6.8.76resolute1_amd64.deb
[2026-09-10 06:07:04] [Track 2] New file detected: debian/pool/resolute/main/pnetlab-guacd_6.8.77resolute1_amd64.deb
[2026-09-10 06:07:04] [Track 2] New file detected: debian/pool/resolute/main/pnetlab-qemu_6.8.75resolute1_amd64.deb
[2026-09-10 06:07:04] [Track 2] New file detected: debian/pool/resolute/main/pnetlab-qemu_6.8.76resolute1_amd64.deb
[2026-09-10 06:07:04] [Track 2] New file detected: debian/pool/resolute/main/pnetlab-qemu_6.8.77resolute1_amd64.deb
[2026-09-10 06:07:05] [Track 2] New file detected: debian/pool/resolute/main/pnetlab-satellite_6.8.75resolute1_amd64.deb
[2026-09-10 06:07:05] [Track 2] New file detected: debian/pool/resolute/main/pnetlab-satellite_6.8.76resolute1_amd64.deb
[2026-09-10 06:07:05] [Track 2] New file detected: debian/pool/resolute/main/pnetlab-satellite_6.8.77resolute1_amd64.deb
[2026-09-10 06:07:05] [Track 2] New file detected: debian/pool/resolute/main/pnetlab-schema_6.8.75resolute1_amd64.deb
[2026-09-10 06:07:05] [Track 2] New file detected: debian/pool/resolute/main/pnetlab-schema_6.8.76resolute1_amd64.deb
[2026-09-10 06:07:05] [Track 2] New file detected: debian/pool/resolute/main/pnetlab-schema_6.8.77resolute1_amd64.deb
[2026-09-10 06:07:05] [Track 2] New file detected: debian/pool/resolute/main/pnetlab-vpcs_6.8.75resolute1_amd64.deb
[2026-09-10 06:07:05] [Track 2] New file detected: debian/pool/resolute/main/pnetlab-vpcs_6.8.76resolute1_amd64.deb
[2026-09-10 06:07:05] [Track 2] New file detected: debian/pool/resolute/main/pnetlab-vpcs_6.8.77resolute1_amd64.deb
[2026-09-10 06:07:05] [Track 2] New file detected: debian/pool/resolute/main/pnetlab-bridge-dkms_6.8.75resolute1_all.deb
[2026-09-10 06:07:05] [Track 2] New file detected: debian/pool/resolute/main/pnetlab-bridge-dkms_6.8.76resolute1_all.deb
[2026-09-10 06:07:05] [Track 2] New file detected: debian/pool/resolute/main/pnetlab-bridge-dkms_6.8.77resolute1_all.deb
[2026-09-10 06:07:05] [Track 2] New file detected: generic/6.8.77resolute1/pnetlab-core-assets-6.8.77resolute1.tar.zst
[2026-09-10 06:07:05] [Track 2] New file detected: generic/6.8.77resolute1/pnetlab-core-assets-6.8.77resolute1.tar.zst.sha256
[2026-09-10 06:07:05] [Track 2] New file detected: generic/6.8.77resolute1/pnetlab-core-assets-6.8.77resolute1.tar.zst.sig
[2026-09-10 06:07:05] [Track 2] New file detected: generic/6.8.77resolute1/pnetlab-6.8.77resolute1-manifest.json
[2026-09-10 06:07:05] [Track 2] New file detected: generic/6.8.77resolute1/pnetlab-6.8.77resolute1-manifest.json.sha256
[2026-09-10 06:07:05] [Track 2] New file detected: generic/6.8.77resolute1/pnetlab-6.8.77resolute1-manifest.json.sig
[2026-09-10 06:07:05] [Track 2] New file detected: generic/6.8.77resolute1/pnetlab-network-install-6.8.77resolute1.sh
[2026-09-10 06:07:05] [Track 2] New file detected: generic/6.8.77resolute1/pnetlab-network-install-6.8.77resolute1.sh.sha256
[2026-09-10 06:07:05] [Track 2] New file detected: generic/6.8.77resolute1/pnetlab-install-resolute-satellite-6.8.77resolute1.sh
[2026-09-10 06:07:05] [Track 2] New file detected: generic/6.8.77resolute1/pnetlab-install-resolute-satellite-6.8.77resolute1.sh.sha256
[2026-09-10 06:07:05] [Track 2] New file detected: generic/6.8.76resolute1/pnetlab-core-assets-6.8.76resolute1.tar.zst
[2026-09-10 06:07:05] [Track 2] New file detected: generic/6.8.76resolute1/pnetlab-core-assets-6.8.76resolute1.tar.zst.sha256
[2026-09-10 06:07:05] [Track 2] New file detected: generic/6.8.76resolute1/pnetlab-core-assets-6.8.76resolute1.tar.zst.sig
[2026-09-10 06:07:05] [Track 2] New file detected: generic/6.8.76resolute1/pnetlab-network-install-6.8.76resolute1.sh
[2026-09-10 06:07:05] [Track 2] New file detected: generic/6.8.76resolute1/pnetlab-network-install-6.8.76resolute1.sh.sha256
[2026-09-10 06:07:05] [Track 2] New file detected: generic/6.8.76resolute1/pnetlab-install-resolute-satellite-6.8.76resolute1.sh
[2026-09-10 06:07:05] [Track 2] New file detected: generic/6.8.76resolute1/pnetlab-install-resolute-satellite-6.8.76resolute1.sh.sha256
[2026-09-10 06:07:05] [Track 2] New file detected: generic/6.8.76resolute1/pnetlab-6.8.76resolute1-manifest.json
[2026-09-10 06:07:05] [Track 2] New file detected: generic/6.8.76resolute1/pnetlab-6.8.76resolute1-manifest.json.sha256
[2026-09-10 06:07:05] [Track 2] New file detected: generic/6.8.76resolute1/pnetlab-6.8.76resolute1-manifest.json.sig
[2026-09-10 06:07:05] [Track 2] New file detected: generic/6.8.75resolute1/pnetlab-core-assets-6.8.75resolute1.tar.zst
[2026-09-10 06:07:05] [Track 2] New file detected: generic/6.8.75resolute1/pnetlab-core-assets-6.8.75resolute1.tar.zst.sha256
[2026-09-10 06:07:05] [Track 2] New file detected: generic/6.8.75resolute1/pnetlab-core-assets-6.8.75resolute1.tar.zst.sig
[2026-09-10 06:07:05] [Track 2] New file detected: generic/6.8.75resolute1/pnetlab-6.8.75resolute1-manifest.json
[2026-09-10 06:07:05] [Track 2] New file detected: generic/6.8.75resolute1/pnetlab-6.8.75resolute1-manifest.json.sha256
[2026-09-10 06:07:05] [Track 2] New file detected: generic/6.8.75resolute1/pnetlab-6.8.75resolute1-manifest.json.sig
[2026-09-10 06:07:05] [Track 2] New file detected: generic/6.8.75resolute1/pnetlab-network-install-6.8.75resolute1.sh
[2026-09-10 06:07:05] [Track 2] New file detected: generic/6.8.75resolute1/pnetlab-network-install-6.8.75resolute1.sh.sha256
[2026-09-10 06:07:05] [Track 2] New file detected: generic/6.8.75resolute1/pnetlab-install-resolute-satellite-6.8.75resolute1.sh
[2026-09-10 06:07:05] [Track 2] New file detected: generic/6.8.75resolute1/pnetlab-install-resolute-satellite-6.8.75resolute1.sh.sha256
[2026-09-10 06:07:05] [Track 2] Checksum change detected: generic/0.channel/pnetlab-latest.json
[2026-09-10 06:07:05] [Track 2] Checksum change detected: generic/0.channel/pnetlab-latest.json.sha256
[2026-09-10 06:07:05] [Track 2] Checksum change detected: generic/0.channel/pnetlab-latest.json.sig
[2026-09-10 06:07:05] [Track 2] File size change detected: generic/0.channel/pnetlab-network-install-latest.sh
[2026-09-10 06:07:05] [Track 2] Checksum change detected: generic/0.channel/pnetlab-network-install-latest.sh.sha256
[2026-09-10 06:07:05] [Track 2] Downloading 59 changed/new files...
[2026-09-10 06:07:11] [Track 2] DOWNLOADED & VERIFIED: pnetlab_6.8.75resolute1_amd64.deb (87,636,884 bytes | SHA256: b6de53ede8fc5a46...)
[2026-09-10 06:07:16] [Track 2] DOWNLOADED & VERIFIED: pnetlab_6.8.76resolute1_amd64.deb (87,637,142 bytes | SHA256: dddb9580fa6c13dd...)
[2026-09-10 06:07:18] [Track 2] DOWNLOADED & VERIFIED: pnetlab_6.8.77resolute1_amd64.deb (15,527,944 bytes | SHA256: 7e0af2b0b6656459...)
[2026-09-10 06:07:19] [Track 2] DOWNLOADED & VERIFIED: pnetlab-docker_6.8.75resolute1_amd64.deb (3,612 bytes | SHA256: 5f88b13c09e6f822...)
[2026-09-10 06:07:19] [Track 2] DOWNLOADED & VERIFIED: pnetlab-docker_6.8.76resolute1_amd64.deb (3,614 bytes | SHA256: 43f9ce0816f88b97...)
[2026-09-10 06:07:20] [Track 2] DOWNLOADED & VERIFIED: pnetlab-docker_6.8.77resolute1_amd64.deb (3,614 bytes | SHA256: db754e7054f835a1...)
[2026-09-10 06:07:21] [Track 2] DOWNLOADED & VERIFIED: pnetlab-guacd_6.8.75resolute1_amd64.deb (462,940 bytes | SHA256: 64e10d970dcb94e5...)
[2026-09-10 06:07:22] [Track 2] DOWNLOADED & VERIFIED: pnetlab-guacd_6.8.76resolute1_amd64.deb (462,856 bytes | SHA256: 8483697a217ec845...)
[2026-09-10 06:07:23] [Track 2] DOWNLOADED & VERIFIED: pnetlab-guacd_6.8.77resolute1_amd64.deb (463,040 bytes | SHA256: e06a3ce625f8569c...)
[2026-09-10 06:07:24] [Track 2] DOWNLOADED & VERIFIED: pnetlab-qemu_6.8.75resolute1_amd64.deb (1,275,238 bytes | SHA256: 4c483d12f78966cc...)
[2026-09-10 06:07:26] [Track 2] DOWNLOADED & VERIFIED: pnetlab-qemu_6.8.76resolute1_amd64.deb (1,275,298 bytes | SHA256: 6af185afe867ddc1...)
[2026-09-10 06:07:27] [Track 2] DOWNLOADED & VERIFIED: pnetlab-qemu_6.8.77resolute1_amd64.deb (1,275,336 bytes | SHA256: 339091961fdd8e57...)
[2026-09-10 06:07:36] [Track 2] DOWNLOADED & VERIFIED: pnetlab-satellite_6.8.75resolute1_amd64.deb (82,080,894 bytes | SHA256: 04b37175e44d9632...)
[2026-09-10 06:07:41] [Track 2] DOWNLOADED & VERIFIED: pnetlab-satellite_6.8.76resolute1_amd64.deb (82,080,618 bytes | SHA256: 02a8fdfd2ea7cc83...)
[2026-09-10 06:07:42] [Track 2] DOWNLOADED & VERIFIED: pnetlab-satellite_6.8.77resolute1_amd64.deb (9,970,806 bytes | SHA256: 6949bf5f7234bf5b...)
[2026-09-10 06:07:43] [Track 2] DOWNLOADED & VERIFIED: pnetlab-schema_6.8.75resolute1_amd64.deb (8,832 bytes | SHA256: 61df986cf12ed93b...)
[2026-09-10 06:07:43] [Track 2] DOWNLOADED & VERIFIED: pnetlab-schema_6.8.76resolute1_amd64.deb (8,902 bytes | SHA256: 4172c58aa89af8fb...)
[2026-09-10 06:07:44] [Track 2] DOWNLOADED & VERIFIED: pnetlab-schema_6.8.77resolute1_amd64.deb (8,956 bytes | SHA256: 771a8955981f4ae2...)
[2026-09-10 06:07:44] [Track 2] DOWNLOADED & VERIFIED: pnetlab-vpcs_6.8.75resolute1_amd64.deb (90,076 bytes | SHA256: 7bd6740fce2c56d1...)
[2026-09-10 06:07:45] [Track 2] DOWNLOADED & VERIFIED: pnetlab-vpcs_6.8.76resolute1_amd64.deb (90,142 bytes | SHA256: d5e0c6ba00573f23...)
[2026-09-10 06:07:46] [Track 2] DOWNLOADED & VERIFIED: pnetlab-vpcs_6.8.77resolute1_amd64.deb (90,182 bytes | SHA256: 4143af214e9e07cc...)
[2026-09-10 06:07:47] [Track 2] DOWNLOADED & VERIFIED: pnetlab-bridge-dkms_6.8.75resolute1_all.deb (142,470 bytes | SHA256: eaadd5cf49432a90...)
[2026-09-10 06:07:48] [Track 2] DOWNLOADED & VERIFIED: pnetlab-bridge-dkms_6.8.76resolute1_all.deb (142,546 bytes | SHA256: ce9484e9981ed7fc...)
[2026-09-10 06:07:49] [Track 2] DOWNLOADED & VERIFIED: pnetlab-bridge-dkms_6.8.77resolute1_all.deb (142,544 bytes | SHA256: 3b4118fb560e7593...)
[2026-09-10 06:07:54] [Track 2] DOWNLOADED & VERIFIED: pnetlab-core-assets-6.8.77resolute1.tar.zst (75,116,436 bytes | SHA256: b36bc01d72c33e69...)
[2026-09-10 06:07:54] [Track 2] DOWNLOADED & VERIFIED: pnetlab-core-assets-6.8.77resolute1.tar.zst.sha256 (110 bytes | SHA256: 3027d24a38d63c0d...)
[2026-09-10 06:07:55] [Track 2] DOWNLOADED & VERIFIED: pnetlab-core-assets-6.8.77resolute1.tar.zst.sig (566 bytes | SHA256: 61372a819c6b7877...)
[2026-09-10 06:07:55] [Track 2] DOWNLOADED & VERIFIED: pnetlab-6.8.77resolute1-manifest.json (1,513 bytes | SHA256: f148e42c632e2cbe...)
[2026-09-10 06:07:55] [Track 2] DOWNLOADED & VERIFIED: pnetlab-6.8.77resolute1-manifest.json.sha256 (104 bytes | SHA256: 683f1afd74c44c7f...)
[2026-09-10 06:07:56] [Track 2] DOWNLOADED & VERIFIED: pnetlab-6.8.77resolute1-manifest.json.sig (566 bytes | SHA256: 4e418f9bc63a2aa8...)
[2026-09-10 06:07:57] [Track 2] DOWNLOADED & VERIFIED: pnetlab-network-install-6.8.77resolute1.sh (173,012 bytes | SHA256: 530e1812f1c537a7...)
[2026-09-10 06:07:57] [Track 2] DOWNLOADED & VERIFIED: pnetlab-network-install-6.8.77resolute1.sh.sha256 (109 bytes | SHA256: 3ef473cc89c425a0...)
[2026-09-10 06:07:58] [Track 2] DOWNLOADED & VERIFIED: pnetlab-install-resolute-satellite-6.8.77resolute1.sh (15,185 bytes | SHA256: 6e6469593a7a4251...)
[2026-09-10 06:07:58] [Track 2] DOWNLOADED & VERIFIED: pnetlab-install-resolute-satellite-6.8.77resolute1.sh.sha256 (120 bytes | SHA256: cdfeccb8d7e51621...)
[2026-09-10 06:08:09] [Track 2] DOWNLOADED & VERIFIED: pnetlab-core-assets-6.8.76resolute1.tar.zst (75,116,436 bytes | SHA256: b36bc01d72c33e69...)
[2026-09-10 06:08:10] [Track 2] DOWNLOADED & VERIFIED: pnetlab-core-assets-6.8.76resolute1.tar.zst.sha256 (110 bytes | SHA256: 9e34c090547c5173...)
[2026-09-10 06:08:10] [Track 2] DOWNLOADED & VERIFIED: pnetlab-core-assets-6.8.76resolute1.tar.zst.sig (566 bytes | SHA256: dd9aa67834a26877...)
[2026-09-10 06:08:11] [Track 2] DOWNLOADED & VERIFIED: pnetlab-network-install-6.8.76resolute1.sh (172,470 bytes | SHA256: de7bb57ffcfe16ed...)
[2026-09-10 06:08:11] [Track 2] DOWNLOADED & VERIFIED: pnetlab-network-install-6.8.76resolute1.sh.sha256 (109 bytes | SHA256: 26cfe81dedd01a50...)
[2026-09-10 06:08:12] [Track 2] DOWNLOADED & VERIFIED: pnetlab-install-resolute-satellite-6.8.76resolute1.sh (15,185 bytes | SHA256: 6e6469593a7a4251...)
[2026-09-10 06:08:12] [Track 2] DOWNLOADED & VERIFIED: pnetlab-install-resolute-satellite-6.8.76resolute1.sh.sha256 (120 bytes | SHA256: 27f26c5c9e87450b...)
[2026-09-10 06:08:13] [Track 2] DOWNLOADED & VERIFIED: pnetlab-6.8.76resolute1-manifest.json (1,274 bytes | SHA256: 30eb1ea2c395f2ee...)
[2026-09-10 06:08:13] [Track 2] DOWNLOADED & VERIFIED: pnetlab-6.8.76resolute1-manifest.json.sha256 (104 bytes | SHA256: 4387714a1bb49160...)
[2026-09-10 06:08:14] [Track 2] DOWNLOADED & VERIFIED: pnetlab-6.8.76resolute1-manifest.json.sig (566 bytes | SHA256: 54e48b2eda42d5e2...)
[2026-09-10 06:08:18] [Track 2] DOWNLOADED & VERIFIED: pnetlab-core-assets-6.8.75resolute1.tar.zst (75,116,436 bytes | SHA256: b36bc01d72c33e69...)
[2026-09-10 06:08:19] [Track 2] DOWNLOADED & VERIFIED: pnetlab-core-assets-6.8.75resolute1.tar.zst.sha256 (110 bytes | SHA256: 6cafc1ae4051a305...)
[2026-09-10 06:08:19] [Track 2] DOWNLOADED & VERIFIED: pnetlab-core-assets-6.8.75resolute1.tar.zst.sig (566 bytes | SHA256: 35c2d722c7e4017e...)
[2026-09-10 06:08:20] [Track 2] DOWNLOADED & VERIFIED: pnetlab-6.8.75resolute1-manifest.json (1,274 bytes | SHA256: e1d6f3f448664138...)
[2026-09-10 06:08:20] [Track 2] DOWNLOADED & VERIFIED: pnetlab-6.8.75resolute1-manifest.json.sha256 (104 bytes | SHA256: 3d7e919f6dd3d489...)
[2026-09-10 06:08:21] [Track 2] DOWNLOADED & VERIFIED: pnetlab-6.8.75resolute1-manifest.json.sig (566 bytes | SHA256: 0f8aa950ea839318...)
[2026-09-10 06:08:22] [Track 2] DOWNLOADED & VERIFIED: pnetlab-network-install-6.8.75resolute1.sh (172,470 bytes | SHA256: de7bb57ffcfe16ed...)
[2026-09-10 06:08:22] [Track 2] DOWNLOADED & VERIFIED: pnetlab-network-install-6.8.75resolute1.sh.sha256 (109 bytes | SHA256: 92f10b76f252a44b...)
[2026-09-10 06:08:23] [Track 2] DOWNLOADED & VERIFIED: pnetlab-install-resolute-satellite-6.8.75resolute1.sh (15,185 bytes | SHA256: 6e6469593a7a4251...)
[2026-09-10 06:08:23] [Track 2] DOWNLOADED & VERIFIED: pnetlab-install-resolute-satellite-6.8.75resolute1.sh.sha256 (120 bytes | SHA256: 130b0d818502ea4d...)
[2026-09-10 06:08:24] [Track 2] DOWNLOADED & VERIFIED: pnetlab-latest.json (205 bytes | SHA256: 0c226fe8c8675d62...)
[2026-09-10 06:08:24] [Track 2] DOWNLOADED & VERIFIED: pnetlab-latest.json.sha256 (86 bytes | SHA256: 71bc62d87b46ba5b...)
[2026-09-10 06:08:24] [Track 2] DOWNLOADED & VERIFIED: pnetlab-latest.json.sig (566 bytes | SHA256: 15e445cc8adbdf19...)
[2026-09-10 06:08:25] [Track 2] DOWNLOADED & VERIFIED: pnetlab-network-install-latest.sh (173,012 bytes | SHA256: 530e1812f1c537a7...)
[2026-09-10 06:08:26] [Track 2] DOWNLOADED & VERIFIED: pnetlab-network-install-latest.sh.sha256 (100 bytes | SHA256: ad4c6c2cceeabc1d...)
[2026-09-10 06:08:27] Sync finished. New/Changed files downloaded: 59, Unchanged skipped: 32
[2026-09-10 06:08:27] ============================================================
=======
[2026-09-09 02:22:59] ============================================================
[2026-09-09 02:22:59] STARTING 24-HOUR DIFFERENTIAL CHANGE-DETECTION SYNC
[2026-09-09 02:22:59] ============================================================
[2026-09-09 02:22:59] [Track 1] Checking Git Commits & Repository Source...
[2026-09-09 02:22:59] [Track 1] Initializing repository at /home/runner/work/MyRepo/MyRepo/EMULATOR/0-P-UNTOUCHED/track-1-git...
[2026-09-09 02:23:00] [Track 1] Cloned at HEAD: adef61101bb7c228f56512be429925636f63292b
[2026-09-09 02:23:00] [Track 2] Checking Codeberg Package API & Debian Releases...
[2026-09-09 02:23:04] [Track 2] New file detected: debian/pool/resolute/main/pnetlab_6.8.75resolute1_amd64.deb
[2026-09-09 02:23:04] [Track 2] New file detected: debian/pool/resolute/main/pnetlab-docker_6.8.75resolute1_amd64.deb
[2026-09-09 02:23:04] [Track 2] New file detected: debian/pool/resolute/main/pnetlab-docker_6.8.76resolute1_amd64.deb
[2026-09-09 02:23:04] [Track 2] New file detected: debian/pool/resolute/main/pnetlab-guacd_6.8.75resolute1_amd64.deb
[2026-09-09 02:23:04] [Track 2] New file detected: debian/pool/resolute/main/pnetlab-guacd_6.8.76resolute1_amd64.deb
[2026-09-09 02:23:04] [Track 2] New file detected: debian/pool/resolute/main/pnetlab-qemu_6.8.75resolute1_amd64.deb
[2026-09-09 02:23:04] [Track 2] New file detected: debian/pool/resolute/main/pnetlab-qemu_6.8.76resolute1_amd64.deb
[2026-09-09 02:23:05] [Track 2] New file detected: debian/pool/resolute/main/pnetlab-satellite_6.8.75resolute1_amd64.deb
[2026-09-09 02:23:05] [Track 2] New file detected: debian/pool/resolute/main/pnetlab-schema_6.8.75resolute1_amd64.deb
[2026-09-09 02:23:05] [Track 2] New file detected: debian/pool/resolute/main/pnetlab-vpcs_6.8.75resolute1_amd64.deb
[2026-09-09 02:23:05] [Track 2] New file detected: debian/pool/resolute/main/pnetlab-bridge-dkms_6.8.75resolute1_all.deb
[2026-09-09 02:23:05] [Track 2] New file detected: debian/pool/resolute/main/pnetlab-bridge-dkms_6.8.76resolute1_all.deb
[2026-09-09 02:23:05] [Track 2] New file detected: generic/6.8.76resolute1/pnetlab-core-assets-6.8.76resolute1.tar.zst
[2026-09-09 02:23:05] [Track 2] New file detected: generic/6.8.76resolute1/pnetlab-core-assets-6.8.76resolute1.tar.zst.sha256
[2026-09-09 02:23:05] [Track 2] New file detected: generic/6.8.76resolute1/pnetlab-core-assets-6.8.76resolute1.tar.zst.sig
[2026-09-09 02:23:05] [Track 2] New file detected: generic/6.8.75resolute1/pnetlab-core-assets-6.8.75resolute1.tar.zst
[2026-09-09 02:23:05] [Track 2] New file detected: generic/6.8.75resolute1/pnetlab-core-assets-6.8.75resolute1.tar.zst.sha256
[2026-09-09 02:23:05] [Track 2] New file detected: generic/6.8.75resolute1/pnetlab-core-assets-6.8.75resolute1.tar.zst.sig
[2026-09-09 02:23:05] [Track 2] New file detected: generic/6.8.75resolute1/pnetlab-6.8.75resolute1-manifest.json
[2026-09-09 02:23:05] [Track 2] New file detected: generic/6.8.75resolute1/pnetlab-6.8.75resolute1-manifest.json.sha256
[2026-09-09 02:23:05] [Track 2] New file detected: generic/6.8.75resolute1/pnetlab-6.8.75resolute1-manifest.json.sig
[2026-09-09 02:23:05] [Track 2] New file detected: generic/6.8.75resolute1/pnetlab-network-install-6.8.75resolute1.sh
[2026-09-09 02:23:05] [Track 2] New file detected: generic/6.8.75resolute1/pnetlab-network-install-6.8.75resolute1.sh.sha256
[2026-09-09 02:23:05] [Track 2] New file detected: generic/6.8.75resolute1/pnetlab-install-resolute-satellite-6.8.75resolute1.sh
[2026-09-09 02:23:05] [Track 2] New file detected: generic/6.8.75resolute1/pnetlab-install-resolute-satellite-6.8.75resolute1.sh.sha256
[2026-09-09 02:23:05] [Track 2] Checksum change detected: generic/0.channel/pnetlab-latest.json
[2026-09-09 02:23:05] [Track 2] Checksum change detected: generic/0.channel/pnetlab-latest.json.sha256
[2026-09-09 02:23:05] [Track 2] Checksum change detected: generic/0.channel/pnetlab-latest.json.sig
[2026-09-09 02:23:05] [Track 2] File size change detected: generic/0.channel/pnetlab-network-install-latest.sh
[2026-09-09 02:23:05] [Track 2] Checksum change detected: generic/0.channel/pnetlab-network-install-latest.sh.sha256
[2026-09-09 02:23:05] [Track 2] Downloading 30 changed/new files...
[2026-09-09 02:23:08] [Track 2] DOWNLOADED & VERIFIED: pnetlab_6.8.75resolute1_amd64.deb (87,636,884 bytes | SHA256: b6de53ede8fc5a46...)
[2026-09-09 02:23:09] [Track 2] DOWNLOADED & VERIFIED: pnetlab-docker_6.8.75resolute1_amd64.deb (3,612 bytes | SHA256: 5f88b13c09e6f822...)
[2026-09-09 02:23:09] [Track 2] DOWNLOADED & VERIFIED: pnetlab-docker_6.8.76resolute1_amd64.deb (3,614 bytes | SHA256: 43f9ce0816f88b97...)
[2026-09-09 02:23:10] [Track 2] DOWNLOADED & VERIFIED: pnetlab-guacd_6.8.75resolute1_amd64.deb (462,940 bytes | SHA256: 64e10d970dcb94e5...)
[2026-09-09 02:23:11] [Track 2] DOWNLOADED & VERIFIED: pnetlab-guacd_6.8.76resolute1_amd64.deb (462,856 bytes | SHA256: 8483697a217ec845...)
[2026-09-09 02:23:12] [Track 2] DOWNLOADED & VERIFIED: pnetlab-qemu_6.8.75resolute1_amd64.deb (1,275,238 bytes | SHA256: 4c483d12f78966cc...)
[2026-09-09 02:23:13] [Track 2] DOWNLOADED & VERIFIED: pnetlab-qemu_6.8.76resolute1_amd64.deb (1,275,298 bytes | SHA256: 6af185afe867ddc1...)
[2026-09-09 02:23:17] [Track 2] DOWNLOADED & VERIFIED: pnetlab-satellite_6.8.75resolute1_amd64.deb (82,080,894 bytes | SHA256: 04b37175e44d9632...)
[2026-09-09 02:23:17] [Track 2] DOWNLOADED & VERIFIED: pnetlab-schema_6.8.75resolute1_amd64.deb (8,832 bytes | SHA256: 61df986cf12ed93b...)
[2026-09-09 02:23:18] [Track 2] DOWNLOADED & VERIFIED: pnetlab-vpcs_6.8.75resolute1_amd64.deb (90,076 bytes | SHA256: 7bd6740fce2c56d1...)
[2026-09-09 02:23:18] [Track 2] DOWNLOADED & VERIFIED: pnetlab-bridge-dkms_6.8.75resolute1_all.deb (142,470 bytes | SHA256: eaadd5cf49432a90...)
[2026-09-09 02:23:19] [Track 2] DOWNLOADED & VERIFIED: pnetlab-bridge-dkms_6.8.76resolute1_all.deb (142,546 bytes | SHA256: ce9484e9981ed7fc...)
[2026-09-09 02:23:22] [Track 2] DOWNLOADED & VERIFIED: pnetlab-core-assets-6.8.76resolute1.tar.zst (75,116,436 bytes | SHA256: b36bc01d72c33e69...)
[2026-09-09 02:23:23] [Track 2] DOWNLOADED & VERIFIED: pnetlab-core-assets-6.8.76resolute1.tar.zst.sha256 (110 bytes | SHA256: 9e34c090547c5173...)
[2026-09-09 02:23:23] [Track 2] DOWNLOADED & VERIFIED: pnetlab-core-assets-6.8.76resolute1.tar.zst.sig (566 bytes | SHA256: dd9aa67834a26877...)
[2026-09-09 02:23:26] [Track 2] DOWNLOADED & VERIFIED: pnetlab-core-assets-6.8.75resolute1.tar.zst (75,116,436 bytes | SHA256: b36bc01d72c33e69...)
[2026-09-09 02:23:27] [Track 2] DOWNLOADED & VERIFIED: pnetlab-core-assets-6.8.75resolute1.tar.zst.sha256 (110 bytes | SHA256: 6cafc1ae4051a305...)
[2026-09-09 02:23:27] [Track 2] DOWNLOADED & VERIFIED: pnetlab-core-assets-6.8.75resolute1.tar.zst.sig (566 bytes | SHA256: 35c2d722c7e4017e...)
[2026-09-09 02:23:27] [Track 2] DOWNLOADED & VERIFIED: pnetlab-6.8.75resolute1-manifest.json (1,274 bytes | SHA256: e1d6f3f448664138...)
[2026-09-09 02:23:28] [Track 2] DOWNLOADED & VERIFIED: pnetlab-6.8.75resolute1-manifest.json.sha256 (104 bytes | SHA256: 3d7e919f6dd3d489...)
[2026-09-09 02:23:28] [Track 2] DOWNLOADED & VERIFIED: pnetlab-6.8.75resolute1-manifest.json.sig (566 bytes | SHA256: 0f8aa950ea839318...)
[2026-09-09 02:23:29] [Track 2] DOWNLOADED & VERIFIED: pnetlab-network-install-6.8.75resolute1.sh (172,470 bytes | SHA256: de7bb57ffcfe16ed...)
[2026-09-09 02:23:29] [Track 2] DOWNLOADED & VERIFIED: pnetlab-network-install-6.8.75resolute1.sh.sha256 (109 bytes | SHA256: 92f10b76f252a44b...)
[2026-09-09 02:23:29] [Track 2] DOWNLOADED & VERIFIED: pnetlab-install-resolute-satellite-6.8.75resolute1.sh (15,185 bytes | SHA256: 6e6469593a7a4251...)
[2026-09-09 02:23:30] [Track 2] DOWNLOADED & VERIFIED: pnetlab-install-resolute-satellite-6.8.75resolute1.sh.sha256 (120 bytes | SHA256: 130b0d818502ea4d...)
[2026-09-09 02:23:30] [Track 2] DOWNLOADED & VERIFIED: pnetlab-latest.json (205 bytes | SHA256: 4ee876e44de8330b...)
[2026-09-09 02:23:30] [Track 2] DOWNLOADED & VERIFIED: pnetlab-latest.json.sha256 (86 bytes | SHA256: 5e17f23dcb3544e5...)
[2026-09-09 02:23:30] [Track 2] DOWNLOADED & VERIFIED: pnetlab-latest.json.sig (566 bytes | SHA256: 979e9b2f4a1c572f...)
[2026-09-09 02:23:31] [Track 2] DOWNLOADED & VERIFIED: pnetlab-network-install-latest.sh (172,470 bytes | SHA256: de7bb57ffcfe16ed...)
[2026-09-09 02:23:31] [Track 2] DOWNLOADED & VERIFIED: pnetlab-network-install-latest.sh.sha256 (100 bytes | SHA256: 807d5b0afd538453...)
[2026-09-09 02:23:32] Sync finished. New/Changed files downloaded: 30, Unchanged skipped: 32
[2026-09-09 02:23:32] ============================================================
>>>>>>> d259261e2e01b7b3a2bbc0db80e0c8f99d5ed645
